header: 
  seq: 420367
  stamp: 
    secs: 1746087146
    nsecs: 646264791
  frame_id: "odom"
message: [  211,     0,   196,    62,   193,   155,    89,   114,    49,   130,   192,   100,    93,   140,   117,   252,    60,   127,   210,   235,    48,    70,    63,   180,    55,   253,     2,   132,   231,    13,    48,   203,   128,   254,   155,    77,   128,   106,    39,   234,   159,   218,   157,    39,   131,    14,     2,    73,   159,   244,    76,   175,   253,   192,   111,    68,   255,   168,   208,   200,   151,   120,    12,    57,    63,   164,    94,   224,    72,     2,   233,   103,   251,   145,    74,    30,    43,   161,   133,    57,   253,    62,   167,     3,   120,    90,   255,   255,   203,    22,    68,   134,   254,     7,   227,   111,   234,    85,    24,    20,   161,   203,   213,   253,   165,    35,   122,    23,   168,    85,   241,   255,    77,   178,   192,   151,    19,    97,    79,   239,    79,   168,   237,   171,    64,    88,    47,   250,    62,     7,   254,    40,    22,   206,   127,   185,   113,    97,    62,    76,     0,   255,    95,   210,   173,    48,    23,    64,    59,   231,   252,    65,    34,   186,    44,    80,     9,   160,   254,   163,    63,   129,    82,     6,   122,    63,   227,     4,    62,   100,   131,   128,    84,    39,   244,   250,    28,     5,    96,    31,     0,   254,   198,   128,    84,     0,    44,     2,    19,   255,   167,   209,   127,   244,   128,   113,   231,   245,    80,    66,    19,   235]
---
header: 
  seq: 420368
  stamp: 
    secs: 1746087146
    nsecs: 646538972
  frame_id: "odom"
message: [  211,     0,    21,    62,   225,   155,     3,   135,    97,    81,    27,    38,   129,    88,   204,   240,   212,   140,   198,     5,   247,    68,     0,     0,    63,   117,   176]
---
header: 
  seq: 420369
  stamp: 
    secs: 1746087146
    nsecs: 646687507
  frame_id: "odom"
message: [  211,     0,   138,    63,    65,   155,    76,   244,    50,    20,     2,    66,   102,    97,    93,   192,    23,   138,   178,    75,   160,    25,   240,    74,   179,   173,    94,    57,   151,   176,   126,   144,    53,   106,   254,   150,   216,     5,   144,    26,   136,   127,   216,    34,    90,    23,   205,   220,    49,    42,    63,   160,   206,     1,    38,    22,   227,   127,   247,   167,   142,   233,   108,   201,   255,   206,   191,   232,    51,   128,    67,   192,   120,    87,   253,   225,   192,    36,   145,   240,   189,    80,   103,   250,   107,   144,    37,   255,    80,    16,   255,    72,   128,   217,    38,    55,     0,    48,   164,   254,   135,    56,     4,   172,    31,    91,   191,   224,    48,    76,   146,    28,   188,    29,    65,    63,   162,   200,     1,    66,    16,   156,   239,   247,    68,    26,   134,   193,   152,     1,   109,   155,    41,   175,     0,    87,    64,   220,    82,   205,    96,   228,    58,    73]
---
header: 
  seq: 420370
  stamp: 
    secs: 1746087146
    nsecs: 646843671
  frame_id: "odom"
message: [  211,     0,    63,    64,   145,   155,    20,    83,    69,    80,    80,    79,    76,    65,    78,    84,    95,    88,    95,    77,    70,    32,    32,    78,    79,    78,    69,     0,     7,    85,   110,   107,   110,   111,   119,   110,    13,    83,    69,    80,    84,    32,    65,    83,    84,    69,    82,    88,    45,    85,     7,    52,    46,    53,    46,    48,    46,    49,     7,    51,    48,    50,    52,    56,    56,    57,   138,   108,   144]
---
header: 
  seq: 420371
  stamp: 
    secs: 1746087146
    nsecs: 646992921
  frame_id: "odom"
message: [  211,     0,   207,    68,    97,   155,    89,   114,    49,   130,     0,    32,    10,     5,    20,    18,    32,     0,     0,     0,    32,     1,     1,     0,   127,   255,   255,   245,   165,   213,   197,    21,   149,    68,   229,   133,    59,   169,    40,   187,    58,    64,    52,   176,   147,   166,   224,   199,   158,    55,    67,   222,   139,   158,   210,   254,    39,   124,   139,   214,   215,   184,    79,   116,   206,    62,   252,   145,    89,    58,    12,   148,   153,   124,    51,   194,    28,    92,    58,   200,   123,    60,   121,   121,     2,   178,    40,   108,   234,   220,     3,   185,    44,    98,   192,   204,   225,   162,   255,    61,   230,   253,    32,   105,   244,   211,   191,   237,   198,    31,   200,    72,   255,    64,    37,   236,    92,   175,   189,   201,   191,     1,    26,   122,   145,    67,   239,    86,   191,   193,    14,   193,   153,   115,     6,   137,   238,    26,    52,     0,    31,   241,   128,   142,   234,     2,    71,   117,   228,   140,    79,   148,     8,   254,    88,    49,   250,   242,    17,   236,   132,    87,   178,   124,   193,    26,    86,     5,   122,   150,    22,   118,   223,   255,   255,   255,   255,   255,   255,   255,   255,   255,   255,   255,   255,   255,   128,     0,     0,    10,    44,   174,   138,   234,   138,   138,    47,   203,    24,   228,   154,   236,    48,   195,    60,   233,   186,   235,   241,   196,    79,   247,   107]
---
header: 
  seq: 420372
  stamp: 
    secs: 1746087146
    nsecs: 647121667
  frame_id: "odom"
message: [  211,     0,   139,    70,    65,   155,    89,   113,    86,   192,     0,    32,     4,   140,     8,   224,   176,     0,     0,     0,    32,     2,     0,     0,   127,   213,    85,    15,     0,   149,     4,   172,   150,   148,   176,   178,   158,   158,   231,   223,     8,   178,     9,   119,    40,   212,    43,    99,    45,     9,   168,    38,   193,   189,   195,   226,    85,    68,   144,    19,   228,    39,   192,    16,   228,    50,    46,     8,   236,   180,   120,   250,   131,   123,    19,   176,   204,   153,   135,    39,   208,   243,   111,    78,    29,   193,   164,   194,     7,   228,   124,    49,   111,   160,   222,    44,     1,     1,   152,     5,   249,   223,   193,    96,    95,    43,   234,    60,   171,   238,   255,   251,   100,    38,    88,   143,    72,   100,   252,   112,    62,   255,   255,   255,   255,   207,   255,   255,   240,     0,    18,   211,    85,   216,   103,    77,   181,    99,   148,   244,    95,   120,   113,    38,   132]
---
header: 
  seq: 420373
  stamp: 
    secs: 1746087146
    nsecs: 647236585
  frame_id: "odom"
message: [  211,     0,    12,    76,   225,   155,   143,     0,     0,     0,     0,     0,     0,     0,     0,   199,   251,   243]
