Name	Value	Access	Address
CR1	0x00000001	read-write	@ 0x40012C00
 CKD	0x0
 ARPE	0
 CMS	0x0
 DIR	0
 OPM	0
 URS	0
 UDIS	0
 CEN	1

CR2	0x00000100	read-write	@ 0x40012C04
 OIS4	0
 OIS3N	0
 OIS3	0
 OIS2N	0
 OIS2	0
 OIS1N	0
 OIS1	1
 TI1S	0
 MMS	0x0
 CCDS	0
 CCUS	0
 CCPC	0

SMCR	0x00000000	read-write	@ 0x40012C08
 ETP	0
 ECE	0
 ETPS	0x0
 ETF	0x0
 MSM	0
 TS	0x0
 SMS	0x0

DIER	0x00000000	read-write	@ 0x40012C0C
 TDE	0
 COMDE	0
 CC4DE	0
 CC3DE	0
 CC2DE	0
 CC1DE	0
 UDE	0
 TIE	0
 CC4IE	0
 CC3IE	0
 CC2IE	0
 CC1IE	0
 UIE	0
 BIE	0
 COMIE	0

SR	0x0000001F	read-write	@ 0x40012C10
 CC4OF	0
 CC3OF	0
 CC2OF	0
 CC1OF	0
 BIF	0
 TIF	0
 COMIF	0
 CC4IF	1
 CC3IF	1
 CC2IF	1
 CC1IF	1
 UIF	1

EGR	write-only	write-only	@ 0x40012C14
 BG	W
 TG	W
 COMG	W
 CC4G	W
 CC3G	W
 CC2G	W
 CC1G	W
 UG	W

CCMR1_Output	0x00000060	read-write	@ 0x40012C18
 OC2CE	0
 OC2M	0x0
 OC2PE	0
 OC2FE	0
 CC2S	0x0
 OC1CE	0
 OC1M	0x6
 OC1PE	0
 OC1FE	0
 CC1S	0x0

CCMR1_Input	0x00000060	read-write	@ 0x40012C18
 IC2F	0x0
 IC2PCS	0x0
 CC2S	0x0
 IC1F	0x6
 ICPCS	0x0
 CC1S	0x0

CCMR2_Output	0x00000000	read-write	@ 0x40012C1C
 OC4CE	0
 OC4M	0x0
 OC4PE	0
 OC4FE	0
 CC4S	0x0
 OC3CE	0
 OC3M	0x0
 OC3PE	0
 OC3FE	0
 CC3S	0x0

CCMR2_Input	0x00000000	read-write	@ 0x40012C1C
 IC4F	0x0
 IC4PSC	0x0
 CC4S	0x0
 IC3F	0x0
 IC3PSC	0x0
 CC3S	0x0

CCER	0x00000005	read-write	@ 0x40012C20
 CC4P	0
 CC4E	0
 CC3NP	0
 CC3NE	0
 CC3P	0
 CC3E	0
 CC2NP	0
 CC2NE	0
 CC2P	0
 CC2E	0
 CC1NP	0
 CC1NE	1
 CC1P	0
 CC1E	1

CNT	0x0000013C	read-write	@ 0x40012C24
 CNT	0x13C

PSC	0x00000000	read-write	@ 0x40012C28
 PSC	0x0

ARR	0x00000578	read-write	@ 0x40012C2C
 ARR	0x578

CCR1	0x000003DD	read-write	@ 0x40012C34
 CCR1	0x3DD

CCR2	0x00000000	read-write	@ 0x40012C38
 CCR2	0x0

CCR3	0x00000000	read-write	@ 0x40012C3C
 CCR3	0x0

CCR4	0x00000000	read-write	@ 0x40012C40
 CCR4	0x0

DCR	0x00000000	read-write	@ 0x40012C48
 DBL	0x0
 DBA	0x0

DMAR	0x00000001	read-write	@ 0x40012C4C
 DMAB	0x1

RCR	0x00000000	read-write	@ 0x40012C30
 REP	0x0

BDTR	0x0000CD28	read-write	@ 0x40012C44
 MOE	1
 AOE	1
 BKP	0
 BKE	0
 OSSR	1
 OSSI	1
 LOCK	0x1
 DTG	0x28

